[2026-08-25 12:19:49] Admin login attempt: Invalid login credentials or inactive account.
[2026-08-25 12:19:53] Admin login attempt: Invalid login credentials or inactive account.
[2026-08-25 12:23:52] Admin login attempt: Invalid login credentials or inactive account.
[2026-08-25 12:29:04] Admin login attempt: Invalid login credentials or inactive account.
[2026-08-25 12:29:10] Admin login attempt: Invalid login credentials or inactive account.
[2026-08-25 12:29:13] Admin login attempt: Invalid login credentials or inactive account.
[2026-08-25 15:03:04] Admin login attempt: Invalid login credentials or inactive account.
[2026-08-25 15:07:13] Admin login attempt: Invalid login credentials or inactive account.
[2026-08-25 15:07:22] Admin login attempt: Invalid login credentials or inactive account.
[2026-08-25 15:07:28] Admin login attempt: Invalid login credentials or inactive account.
[2026-08-25 15:07:38] Admin login attempt: Invalid login credentials or inactive account.
[2026-08-27 13:11:55] Admin login attempt: Invalid login credentials or inactive account.
[2026-08-27 14:14:09] Unified login attempt: Username/email/contact number and password are required, including CAPTCHA verification.
[2026-08-27 14:18:58] Unified login attempt: Username/email/contact number and password are required, including CAPTCHA verification.
[2026-08-27 14:44:48] Unified login attempt: Invalid login credentials or inactive account.
[2026-08-27 14:50:18] Unified login attempt: Invalid student credentials or inactive account.
[2026-08-27 15:04:51] Login attempt: Invalid student credentials or inactive account.
[2026-08-27 15:05:35] Login attempt: Invalid student credentials or inactive account.
[2026-08-27 15:20:30] Login attempt: Incorrect CAPTCHA. Solve the new challenge and try again.
[2026-08-27 15:21:52] Login attempt: Username/email/contact number and password are required, including CAPTCHA verification.
[2026-08-27 15:22:25] Login attempt: Invalid student credentials or inactive account.
[2026-08-27 16:37:41] Login attempt: Incorrect CAPTCHA. Solve the new challenge and try again.
[2026-08-27 18:51:22] Login attempt: Incorrect CAPTCHA. Solve the new challenge and try again.
[2026-08-28 06:46:43] MySQL server has gone away
[2026-08-28 07:00:57] MySQL server has gone away
[2026-08-28 07:01:14] MySQL server has gone away
[2026-08-28 07:01:47] MySQL server has gone away
[2026-08-28 07:04:32] MySQL server has gone away
[2026-08-28 07:05:43] No connection could be made because the target machine actively refused it
[2026-08-28 07:05:47] No connection could be made because the target machine actively refused it
[2026-08-28 07:14:56] Login attempt: Username/email/contact number and password are required, including CAPTCHA verification.
[2026-08-28 07:38:56] No connection could be made because the target machine actively refused it
[2026-08-28 07:39:13] No connection could be made because the target machine actively refused it
[2026-08-28 07:39:17] No connection could be made because the target machine actively refused it
[2026-08-28 07:39:21] No connection could be made because the target machine actively refused it
[2026-08-28 07:39:25] No connection could be made because the target machine actively refused it
[2026-08-28 07:39:29] No connection could be made because the target machine actively refused it
[2026-08-28 07:39:33] No connection could be made because the target machine actively refused it
[2026-08-28 07:39:37] No connection could be made because the target machine actively refused it
[2026-08-28 07:39:41] No connection could be made because the target machine actively refused it
[2026-08-28 07:39:45] No connection could be made because the target machine actively refused it
[2026-08-28 07:40:01] MySQL server has gone away
[2026-08-28 07:44:10] No connection could be made because the target machine actively refused it
[2026-08-28 07:44:22] MySQL server has gone away
[2026-08-28 07:45:21] No connection could be made because the target machine actively refused it
[2026-08-28 07:46:20] MySQL server has gone away
[2026-08-28 07:46:23] MySQL server has gone away
[2026-08-28 07:46:40] No connection could be made because the target machine actively refused it
[2026-08-28 07:46:49] No connection could be made because the target machine actively refused it
[2026-08-28 15:29:29] Login attempt: Incorrect CAPTCHA. Solve the new challenge and try again.
[2026-08-28 15:45:06] Login attempt: Invalid login credentials or inactive account.
[2026-08-31 06:03:20] Login attempt: Username/email/contact number and password are required, including CAPTCHA verification.
[2026-08-31 09:07:38] Login attempt: Invalid student credentials or inactive account.
[2026-08-31 09:07:49] Login attempt: Invalid student credentials or inactive account.
[2026-08-31 10:43:30] Login attempt: Incorrect CAPTCHA. Solve the new challenge and try again.
[2026-08-31 12:47:57] Login attempt: Username/email/contact number and password are required, including CAPTCHA verification.
[2026-08-31 14:05:45] Login attempt: Username/email/contact number and password are required, including CAPTCHA verification.
[2026-08-31 14:05:45] Login attempt: Username/email/contact number and password are required, including CAPTCHA verification.
[2026-08-31 14:05:46] Login attempt: Username/email/contact number and password are required, including CAPTCHA verification.
[2026-08-31 14:06:17] Login attempt: Username/email/contact number and password are required, including CAPTCHA verification.
[2026-08-31 14:06:19] Login attempt: Username/email/contact number and password are required, including CAPTCHA verification.
[2026-08-31 14:12:05] Login attempt: Incorrect CAPTCHA. Solve the new challenge and try again.
[2026-09-01 03:03:10] No connection could be made because the target machine actively refused it
[2026-09-01 03:03:27] No connection could be made because the target machine actively refused it
[2026-09-01 03:11:01] No connection could be made because the target machine actively refused it
[2026-09-01 03:16:16] Login attempt: Incorrect CAPTCHA. Solve the new challenge and try again.
[2026-09-01 06:33:28] Login attempt: Incorrect CAPTCHA. Solve the new challenge and try again.
[2026-09-01 06:41:58] MySQL server has gone away
[2026-09-01 06:42:02] No connection could be made because the target machine actively refused it
[2026-09-01 06:42:06] No connection could be made because the target machine actively refused it
[2026-09-01 06:42:11] No connection could be made because the target machine actively refused it
[2026-09-01 06:42:15] No connection could be made because the target machine actively refused it
[2026-09-01 06:42:19] No connection could be made because the target machine actively refused it
[2026-09-01 06:42:23] No connection could be made because the target machine actively refused it
[2026-09-01 06:42:27] No connection could be made because the target machine actively refused it
[2026-09-01 06:42:31] No connection could be made because the target machine actively refused it
[2026-09-01 06:42:35] No connection could be made because the target machine actively refused it
[2026-09-01 06:42:39] No connection could be made because the target machine actively refused it
[2026-09-01 06:42:43] No connection could be made because the target machine actively refused it
[2026-09-01 06:42:47] No connection could be made because the target machine actively refused it
[2026-09-01 06:42:51] No connection could be made because the target machine actively refused it
[2026-09-01 06:42:55] No connection could be made because the target machine actively refused it
[2026-09-01 06:43:00] No connection could be made because the target machine actively refused it
[2026-09-01 06:43:04] No connection could be made because the target machine actively refused it
[2026-09-01 06:43:08] No connection could be made because the target machine actively refused it
[2026-09-01 06:43:12] No connection could be made because the target machine actively refused it
[2026-09-01 06:43:16] No connection could be made because the target machine actively refused it
[2026-09-01 06:43:20] No connection could be made because the target machine actively refused it
[2026-09-01 06:43:24] No connection could be made because the target machine actively refused it
[2026-09-01 06:49:37] No connection could be made because the target machine actively refused it
[2026-09-01 06:49:46] No connection could be made because the target machine actively refused it
[2026-09-01 07:09:19] Unknown database 'library_borrowing_system'
[2026-09-01 07:09:21] Unknown database 'library_borrowing_system'
[2026-09-01 07:11:40] Login attempt: Invalid login credentials or inactive account.
[2026-09-01 07:40:07] Login attempt: Username/email/contact number and password are required, including CAPTCHA verification.
[2026-09-01 07:40:18] Login attempt: Invalid login credentials or inactive account.
[2026-09-07 10:57:38] No connection could be made because the target machine actively refused it
[2026-09-07 10:58:30] Login attempt: Username/email/contact number and password are required, including CAPTCHA verification.
[2026-09-07 11:11:57] Login attempt: Incorrect CAPTCHA. Solve the new challenge and try again.
[2026-09-07 11:42:21] No connection could be made because the target machine actively refused it
[2026-09-07 11:42:51] No connection could be made because the target machine actively refused it
[2026-09-07 16:45:07] No connection could be made because the target machine actively refused it
[2026-09-07 16:45:21] No connection could be made because the target machine actively refused it
[2026-09-07 16:51:49] No connection could be made because the target machine actively refused it
[2026-09-07 15:57:45] Unknown database 'library_borrowing_system'
[2026-09-07 15:58:29] Unknown database 'library_borrowing_system'
[2026-09-07 15:58:32] Unknown database 'library_borrowing_system'
[2026-09-07 16:00:09] Unknown database 'library_borrowing_system'
[2026-09-07 16:00:23] Unknown database 'library_borrowing_system'
[2026-09-07 16:00:25] Unknown database 'library_borrowing_system'
[2026-09-07 16:00:33] Unknown database 'library_borrowing_system'
[2026-09-07 16:02:45] Unknown database 'library_borrowing_system'
[2026-09-07 16:02:49] Unknown database 'library_borrowing_system'
[2026-09-07 16:03:30] Unknown database 'library_borrowing_system'
[2026-09-07 16:03:31] Unknown database 'library_borrowing_system'
[2026-09-07 16:03:32] Unknown database 'library_borrowing_system'
[2026-09-07 16:03:32] Unknown database 'library_borrowing_system'
[2026-09-07 16:03:33] Unknown database 'library_borrowing_system'
[2026-09-07 16:03:33] Unknown database 'library_borrowing_system'
[2026-09-07 16:03:33] Unknown database 'library_borrowing_system'
[2026-09-07 16:03:34] Unknown database 'library_borrowing_system'
[2026-09-07 16:03:34] Unknown database 'library_borrowing_system'
[2026-09-07 16:07:54] Unknown database 'library_borrowing_system'
[2026-09-07 16:08:10] Unknown database 'library_borrowing_system'
